/home/unsupported/luzs/TC/reuters21578-xml/reut2-000.xml
/home/unsupported/luzs/TC/reuters21578-xml/reut2-001.xml
/home/unsupported/luzs/TC/reuters21578-xml/reut2-002.xml
/home/unsupported/luzs/TC/reuters21578-xml/reut2-003.xml
/home/unsupported/luzs/TC/reuters21578-xml/reut2-004.xml
/home/unsupported/luzs/TC/reuters21578-xml/reut2-005.xml
/home/unsupported/luzs/TC/reuters21578-xml/reut2-006.xml
/home/unsupported/luzs/TC/reuters21578-xml/reut2-007.xml
/home/unsupported/luzs/TC/reuters21578-xml/reut2-008.xml
/home/unsupported/luzs/TC/reuters21578-xml/reut2-009.xml
/home/unsupported/luzs/TC/reuters21578-xml/reut2-010.xml
/home/unsupported/luzs/TC/reuters21578-xml/reut2-011.xml
/home/unsupported/luzs/TC/reuters21578-xml/reut2-012.xml
/home/unsupported/luzs/TC/reuters21578-xml/reut2-013.xml
/home/unsupported/luzs/TC/reuters21578-xml/reut2-014.xml
/home/unsupported/luzs/TC/reuters21578-xml/reut2-015.xml
/home/unsupported/luzs/TC/reuters21578-xml/reut2-016.xml
/home/unsupported/luzs/TC/reuters21578-xml/reut2-017.xml
/home/unsupported/luzs/TC/reuters21578-xml/reut2-018.xml
/home/unsupported/luzs/TC/reuters21578-xml/reut2-019.xml
/home/unsupported/luzs/TC/reuters21578-xml/reut2-020.xml
/home/unsupported/luzs/TC/reuters21578-xml/reut2-021.xml
