/disk2/TEC/tec-server/data/corpus-new/bb000001.xml
/disk2/TEC/tec-server/data/corpus-new/bb000002.xml
/disk2/TEC/tec-server/data/corpus-new/bb000003.xml
/disk2/TEC/tec-server/data/corpus-new/bb000004.xml
/disk2/TEC/tec-server/data/corpus-new/bb000005.xml
/disk2/TEC/tec-server/data/corpus-new/bb000006.xml
/disk2/TEC/tec-server/data/corpus-new/bb000007.xml
/disk2/TEC/tec-server/data/corpus-new/bb000008.xml
/disk2/TEC/tec-server/data/corpus-new/bb000009.xml
/disk2/TEC/tec-server/data/corpus-new/bb000010.xml
/disk2/TEC/tec-server/data/corpus-new/bb000011.xml
/disk2/TEC/tec-server/data/corpus-new/bb000012.xml
/disk2/TEC/tec-server/data/corpus-new/bb000013.xml
/disk2/TEC/tec-server/data/corpus-new/bb000017.xml
/disk2/TEC/tec-server/data/corpus-new/bb000018.xml
/disk2/TEC/tec-server/data/corpus-new/bb000019.xml
/disk2/TEC/tec-server/data/corpus-new/fn000001.xml
/disk2/TEC/tec-server/data/corpus-new/fn000002.xml
/disk2/TEC/tec-server/data/corpus-new/fn000003.xml
/disk2/TEC/tec-server/data/corpus-new/fn000004.xml
/disk2/TEC/tec-server/data/corpus-new/fn000005.xml
/disk2/TEC/tec-server/data/corpus-new/fn000006.xml
/disk2/TEC/tec-server/data/corpus-new/fn000007.xml
/disk2/TEC/tec-server/data/corpus-new/fn000008.xml
/disk2/TEC/tec-server/data/corpus-new/fn000009.xml
/disk2/TEC/tec-server/data/corpus-new/fn000010.xml
/disk2/TEC/tec-server/data/corpus-new/fn000011.xml
/disk2/TEC/tec-server/data/corpus-new/fn000012.xml
/disk2/TEC/tec-server/data/corpus-new/fn000013.xml
/disk2/TEC/tec-server/data/corpus-new/fn000014.xml
/disk2/TEC/tec-server/data/corpus-new/fn000015.xml
/disk2/TEC/tec-server/data/corpus-new/fn000016.xml
/disk2/TEC/tec-server/data/corpus-new/fn000017.xml
/disk2/TEC/tec-server/data/corpus-new/fn000018.xml
/disk2/TEC/tec-server/data/corpus-new/fn000019.xml
/disk2/TEC/tec-server/data/corpus-new/fn000020.xml
/disk2/TEC/tec-server/data/corpus-new/fn000021.xml
/disk2/TEC/tec-server/data/corpus-new/fn000022.xml
/disk2/TEC/tec-server/data/corpus-new/fn000023.xml
/disk2/TEC/tec-server/data/corpus-new/fn000024.xml
/disk2/TEC/tec-server/data/corpus-new/fn000025.xml
/disk2/TEC/tec-server/data/corpus-new/fn000026.xml
/disk2/TEC/tec-server/data/corpus-new/fn000027.xml
/disk2/TEC/tec-server/data/corpus-new/fn000028.xml
/disk2/TEC/tec-server/data/corpus-new/fn000029.xml
/disk2/TEC/tec-server/data/corpus-new/fn000030.xml
/disk2/TEC/tec-server/data/corpus-new/fn000031.xml
/disk2/TEC/tec-server/data/corpus-new/fn000032.xml
/disk2/TEC/tec-server/data/corpus-new/fn000033.xml
/disk2/TEC/tec-server/data/corpus-new/fn000034.xml
/disk2/TEC/tec-server/data/corpus-new/fn000035.xml
/disk2/TEC/tec-server/data/corpus-new/fn000036.xml
/disk2/TEC/tec-server/data/corpus-new/fn000037.xml
/disk2/TEC/tec-server/data/corpus-new/fn000038.xml
/disk2/TEC/tec-server/data/corpus-new/fn000039.xml
/disk2/TEC/tec-server/data/corpus-new/fn000040.xml
/disk2/TEC/tec-server/data/corpus-new/fn000041.xml
/disk2/TEC/tec-server/data/corpus-new/fn000042.xml
/disk2/TEC/tec-server/data/corpus-new/fn000043.xml
/disk2/TEC/tec-server/data/corpus-new/fn000044.xml
/disk2/TEC/tec-server/data/corpus-new/fn000045.xml
/disk2/TEC/tec-server/data/corpus-new/fn000046.xml
/disk2/TEC/tec-server/data/corpus-new/fn000047.xml
/disk2/TEC/tec-server/data/corpus-new/fn000048.xml
/disk2/TEC/tec-server/data/corpus-new/fn000049.xml
/disk2/TEC/tec-server/data/corpus-new/fn000050.xml
/disk2/TEC/tec-server/data/corpus-new/fn000051.xml
/disk2/TEC/tec-server/data/corpus-new/fn000052.xml
/disk2/TEC/tec-server/data/corpus-new/fn000053.xml
/disk2/TEC/tec-server/data/corpus-new/fn000054.xml
/disk2/TEC/tec-server/data/corpus-new/fn000055.xml
/disk2/TEC/tec-server/data/corpus-new/fn000056.xml
/disk2/TEC/tec-server/data/corpus-new/fn000057.xml
/disk2/TEC/tec-server/data/corpus-new/fn000058.xml
/disk2/TEC/tec-server/data/corpus-new/fn000059.xml
/disk2/TEC/tec-server/data/corpus-new/fn000060.xml
/disk2/TEC/tec-server/data/corpus-new/fn000061.xml
/disk2/TEC/tec-server/data/corpus-new/fn000062.xml
/disk2/TEC/tec-server/data/corpus-new/fn000063.xml
/disk2/TEC/tec-server/data/corpus-new/fn000064.xml
/disk2/TEC/tec-server/data/corpus-new/fn000065.xml
/disk2/TEC/tec-server/data/corpus-new/fn000066.xml
/disk2/TEC/tec-server/data/corpus-new/fn000067.xml
/disk2/TEC/tec-server/data/corpus-new/fn000068.xml
/disk2/TEC/tec-server/data/corpus-new/fn000069.xml
/disk2/TEC/tec-server/data/corpus-new/fn000070.xml
/disk2/TEC/tec-server/data/corpus-new/fn000071.xml
/disk2/TEC/tec-server/data/corpus-new/fn000072.xml
/disk2/TEC/tec-server/data/corpus-new/fn000073.xml
/disk2/TEC/tec-server/data/corpus-new/fn000074.xml
/disk2/TEC/tec-server/data/corpus-new/fn000075.xml
/disk2/TEC/tec-server/data/corpus-new/fn000076.xml
/disk2/TEC/tec-server/data/corpus-new/fn000077.xml
/disk2/TEC/tec-server/data/corpus-new/fn000078.xml
/disk2/TEC/tec-server/data/corpus-new/fn000079.xml
/disk2/TEC/tec-server/data/corpus-new/fn000080.xml
/disk2/TEC/tec-server/data/corpus-new/fn000081.xml
/disk2/TEC/tec-server/data/corpus-new/fn000082.xml
/disk2/TEC/tec-server/data/corpus-new/fn000083.xml
/disk2/TEC/tec-server/data/corpus-new/fn000084.xml
/disk2/TEC/tec-server/data/corpus-new/fn000085.xml
/disk2/TEC/tec-server/data/corpus-new/fn000086.xml
/disk2/TEC/tec-server/data/corpus-new/if000001.xml
/disk2/TEC/tec-server/data/corpus-new/if000002.xml
/disk2/TEC/tec-server/data/corpus-new/if000003.xml
/disk2/TEC/tec-server/data/corpus-new/if000004.xml
/disk2/TEC/tec-server/data/corpus-new/if000005.xml
/disk2/TEC/tec-server/data/corpus-new/if000006.xml
/disk2/TEC/tec-server/data/corpus-new/if000007.xml
/disk2/TEC/tec-server/data/corpus-new/if000008.xml
/disk2/TEC/tec-server/data/corpus-new/if000009.xml
/disk2/TEC/tec-server/data/corpus-new/if000010.xml
/disk2/TEC/tec-server/data/corpus-new/if000011.xml
/disk2/TEC/tec-server/data/corpus-new/if000012.xml
/disk2/TEC/tec-server/data/corpus-new/if000013.xml
/disk2/TEC/tec-server/data/corpus-new/if000014.xml
/disk2/TEC/tec-server/data/corpus-new/if000015.xml
/disk2/TEC/tec-server/data/corpus-new/if000016.xml
/disk2/TEC/tec-server/data/corpus-new/if000017.xml
/disk2/TEC/tec-server/data/corpus-new/if000018.xml
/disk2/TEC/tec-server/data/corpus-new/if000019.xml
/disk2/TEC/tec-server/data/corpus-new/ns000001.xml
/disk2/TEC/tec-server/data/corpus-new/ns000002.xml
/disk2/TEC/tec-server/data/corpus-new/ns000003.xml
/disk2/TEC/tec-server/data/corpus-new/ns000004.xml
/disk2/TEC/tec-server/data/corpus-new/ns000005.xml
/disk2/TEC/tec-server/data/corpus-new/ns000006.xml
/disk2/TEC/tec-server/data/corpus-new/ns000007.xml
/disk2/TEC/tec-server/data/corpus-new/ns000008.xml
/disk2/TEC/tec-server/data/corpus-new/ns000009.xml
/disk2/TEC/tec-server/data/corpus-new/ns000010.xml
/disk2/TEC/tec-server/data/corpus-new/ns000011.xml
/disk2/TEC/tec-server/data/corpus-new/ns000012.xml
/disk2/TEC/tec-server/data/corpus-new/ns000013.xml
/disk2/TEC/tec-server/data/corpus-new/ns000014.xml
/disk2/TEC/tec-server/data/corpus-new/ns000015.xml
/disk2/TEC/tec-server/data/corpus-new/ns000016.xml
/disk2/TEC/tec-server/data/corpus-new/ns000017.xml
/disk2/TEC/tec-server/data/corpus-new/ns000018.xml
/disk2/TEC/tec-server/data/corpus-new/ns000019.xml
/disk2/TEC/tec-server/data/corpus-new/ns000020.xml
/disk2/TEC/tec-server/data/corpus-new/ns000021.xml
/disk2/TEC/tec-server/data/corpus-new/ns000022.xml
/disk2/TEC/tec-server/data/corpus-new/ns000023.xml
/disk2/TEC/tec-server/data/corpus-new/ns000024.xml
/disk2/TEC/tec-server/data/corpus-new/ns000025.xml
/disk2/TEC/tec-server/data/corpus-new/ns000026.xml
/disk2/TEC/tec-server/data/corpus-new/ns000027.xml
/disk2/TEC/tec-server/data/corpus-new/ns000028.xml
/disk2/TEC/tec-server/data/corpus-new/ns000029.xml
/disk2/TEC/tec-server/data/corpus-new/ns000030.xml
/disk2/TEC/tec-server/data/corpus-new/ns000031.xml
/disk2/TEC/tec-server/data/corpus-new/ns000032.xml
/disk2/TEC/tec-server/data/corpus-new/ns000033.xml
/disk2/TEC/tec-server/data/corpus-new/ns000034.xml
/disk2/TEC/tec-server/data/corpus-new/ns000035.xml
/disk2/TEC/tec-server/data/corpus-new/ns000036.xml
/disk2/TEC/tec-server/data/corpus-new/ns000037.xml
/disk2/TEC/tec-server/data/corpus-new/ns000038.xml
/disk2/TEC/tec-server/data/corpus-new/ns000039.xml
/disk2/TEC/tec-server/data/corpus-new/ns000040.xml
/disk2/TEC/tec-server/data/corpus-new/ns000041.xml
/disk2/TEC/tec-server/data/corpus-new/ns000042.xml
/disk2/TEC/tec-server/data/corpus-new/ns000043.xml
/disk2/TEC/tec-server/data/corpus-new/ns000044.xml
/disk2/TEC/tec-server/data/corpus-new/ns000045.xml
/disk2/TEC/tec-server/data/corpus-new/ns000046.xml
/disk2/TEC/tec-server/data/corpus-new/ns000047.xml
/disk2/TEC/tec-server/data/corpus-new/ns000048.xml
/disk2/TEC/tec-server/data/corpus-new/ns000049.xml
/disk2/TEC/tec-server/data/corpus-new/ns000050.xml
/disk2/TEC/tec-server/data/corpus-new/ns000051.xml
/disk2/TEC/tec-server/data/corpus-new/ns000052.xml
/disk2/TEC/tec-server/data/corpus-new/ns000053.xml
/disk2/TEC/tec-server/data/corpus-new/ns000054.xml
/disk2/TEC/tec-server/data/corpus-new/ns000055.xml
/disk2/TEC/tec-server/data/corpus-new/ns000056.xml
/disk2/TEC/tec-server/data/corpus-new/ns000057.xml
/disk2/TEC/tec-server/data/corpus-new/ns000058.xml
/disk2/TEC/tec-server/data/corpus-new/ns000059.xml
/disk2/TEC/tec-server/data/corpus-new/ns000060.xml
/disk2/TEC/tec-server/data/corpus-new/ns000061.xml
/disk2/TEC/tec-server/data/corpus-new/ns000062.xml
/disk2/TEC/tec-server/data/corpus-new/ns000063.xml
/disk2/TEC/tec-server/data/corpus-new/ns000064.xml
/disk2/TEC/tec-server/data/corpus-new/ns000065.xml
/disk2/TEC/tec-server/data/corpus-new/ns000066.xml
/disk2/TEC/tec-server/data/corpus-new/ns000067.xml
/disk2/TEC/tec-server/data/corpus-new/ns000068.xml
