# test file with G_Te(spam) =~ .166
# (29/175) 
/unsupported/luzs/TC/lingspam_public/bare/part10/9-157msg1.txt
/unsupported/luzs/TC/lingspam_public/bare/part10/9-597msg2.txt
/unsupported/luzs/TC/lingspam_public/bare/part10/9-59msg1.txt
/unsupported/luzs/TC/lingspam_public/bare/part10/9-5msg2.txt
/unsupported/luzs/TC/lingspam_public/bare/part10/9-607msg1.txt
/unsupported/luzs/TC/lingspam_public/bare/part10/9-607msg2.txt
/unsupported/luzs/TC/lingspam_public/bare/part10/9-612msg1.txt
/unsupported/luzs/TC/lingspam_public/bare/part10/9-612msg2.txt
/unsupported/luzs/TC/lingspam_public/bare/part10/9-61msg1.txt
/unsupported/luzs/TC/lingspam_public/bare/part10/9-621msg1.txt
/unsupported/luzs/TC/lingspam_public/bare/part10/9-625msg1.txt
/unsupported/luzs/TC/lingspam_public/bare/part10/9-627msg1.txt
/unsupported/luzs/TC/lingspam_public/bare/part10/9-627msg2.txt
/unsupported/luzs/TC/lingspam_public/bare/part10/9-628msg1.txt
/unsupported/luzs/TC/lingspam_public/bare/part10/9-628msg2.txt
/unsupported/luzs/TC/lingspam_public/bare/part10/9-629msg1.txt
/unsupported/luzs/TC/lingspam_public/bare/part10/9-630msg2.txt
/unsupported/luzs/TC/lingspam_public/bare/part10/9-633msg1.txt
/unsupported/luzs/TC/lingspam_public/bare/part10/9-634msg1.txt
/unsupported/luzs/TC/lingspam_public/bare/part10/9-637msg2.txt
/unsupported/luzs/TC/lingspam_public/bare/part10/9-638msg1.txt
/unsupported/luzs/TC/lingspam_public/bare/part10/9-638msg2.txt
/unsupported/luzs/TC/lingspam_public/bare/part10/9-63msg1.txt
/unsupported/luzs/TC/lingspam_public/bare/part10/9-640msg1.txt
/unsupported/luzs/TC/lingspam_public/bare/part10/9-643msg1.txt
/unsupported/luzs/TC/lingspam_public/bare/part10/9-643msg2.txt
/unsupported/luzs/TC/lingspam_public/bare/part10/9-64msg1.txt
/unsupported/luzs/TC/lingspam_public/bare/part10/9-64msg2.txt
/unsupported/luzs/TC/lingspam_public/bare/part10/9-650msg2.txt
/unsupported/luzs/TC/lingspam_public/bare/part10/9-652msg1.txt
/unsupported/luzs/TC/lingspam_public/bare/part10/9-653msg1.txt
/unsupported/luzs/TC/lingspam_public/bare/part10/9-654msg1.txt
/unsupported/luzs/TC/lingspam_public/bare/part10/9-656msg2.txt
/unsupported/luzs/TC/lingspam_public/bare/part10/9-660msg1.txt
/unsupported/luzs/TC/lingspam_public/bare/part10/9-660msg2.txt
/unsupported/luzs/TC/lingspam_public/bare/part10/9-664msg1.txt
/unsupported/luzs/TC/lingspam_public/bare/part10/9-678msg2.txt
/unsupported/luzs/TC/lingspam_public/bare/part10/9-684msg1.txt
/unsupported/luzs/TC/lingspam_public/bare/part10/9-692msg1.txt
/unsupported/luzs/TC/lingspam_public/bare/part10/9-694msg1.txt
/unsupported/luzs/TC/lingspam_public/bare/part10/9-695msg1.txt
/unsupported/luzs/TC/lingspam_public/bare/part10/9-697msg1.txt
/unsupported/luzs/TC/lingspam_public/bare/part10/9-697msg2.txt
/unsupported/luzs/TC/lingspam_public/bare/part10/9-699msg1.txt
/unsupported/luzs/TC/lingspam_public/bare/part10/9-6msg2.txt
/unsupported/luzs/TC/lingspam_public/bare/part10/9-705msg1.txt
/unsupported/luzs/TC/lingspam_public/bare/part10/9-707msg1.txt
/unsupported/luzs/TC/lingspam_public/bare/part10/9-709msg1.txt
/unsupported/luzs/TC/lingspam_public/bare/part10/9-712msg1.txt
/unsupported/luzs/TC/lingspam_public/bare/part10/9-715msg1.txt
/unsupported/luzs/TC/lingspam_public/bare/part10/9-717msg2.txt
/unsupported/luzs/TC/lingspam_public/bare/part10/9-718msg1.txt
/unsupported/luzs/TC/lingspam_public/bare/part10/9-719msg1.txt
/unsupported/luzs/TC/lingspam_public/bare/part10/9-71msg1.txt
/unsupported/luzs/TC/lingspam_public/bare/part10/9-72msg1.txt
/unsupported/luzs/TC/lingspam_public/bare/part10/9-72msg2.txt
/unsupported/luzs/TC/lingspam_public/bare/part10/9-734msg1.txt
/unsupported/luzs/TC/lingspam_public/bare/part10/9-736msg1.txt
/unsupported/luzs/TC/lingspam_public/bare/part10/9-742msg1.txt
/unsupported/luzs/TC/lingspam_public/bare/part10/9-742msg2.txt
/unsupported/luzs/TC/lingspam_public/bare/part10/9-746msg1.txt
/unsupported/luzs/TC/lingspam_public/bare/part10/9-747msg1.txt
/unsupported/luzs/TC/lingspam_public/bare/part10/9-749msg1.txt
/unsupported/luzs/TC/lingspam_public/bare/part10/9-74msg1.txt
/unsupported/luzs/TC/lingspam_public/bare/part10/9-74msg2.txt
/unsupported/luzs/TC/lingspam_public/bare/part10/9-750msg1.txt
/unsupported/luzs/TC/lingspam_public/bare/part10/9-751msg1.txt
/unsupported/luzs/TC/lingspam_public/bare/part10/9-771msg1.txt
/unsupported/luzs/TC/lingspam_public/bare/part10/9-771msg2.txt
/unsupported/luzs/TC/lingspam_public/bare/part10/9-778msg1.txt
/unsupported/luzs/TC/lingspam_public/bare/part10/9-779msg1.txt
/unsupported/luzs/TC/lingspam_public/bare/part10/9-780msg1.txt
/unsupported/luzs/TC/lingspam_public/bare/part10/9-787msg1.txt
/unsupported/luzs/TC/lingspam_public/bare/part10/9-78msg1.txt
/unsupported/luzs/TC/lingspam_public/bare/part10/9-78msg2.txt
/unsupported/luzs/TC/lingspam_public/bare/part10/9-792msg2.txt
/unsupported/luzs/TC/lingspam_public/bare/part10/9-793msg1.txt
/unsupported/luzs/TC/lingspam_public/bare/part10/9-79msg1.txt
/unsupported/luzs/TC/lingspam_public/bare/part10/9-816msg1.txt
/unsupported/luzs/TC/lingspam_public/bare/part10/9-824msg1.txt
/unsupported/luzs/TC/lingspam_public/bare/part10/9-827msg1.txt
/unsupported/luzs/TC/lingspam_public/bare/part10/9-832msg1.txt
/unsupported/luzs/TC/lingspam_public/bare/part10/9-832msg2.txt
/unsupported/luzs/TC/lingspam_public/bare/part10/9-835msg1.txt
/unsupported/luzs/TC/lingspam_public/bare/part10/9-835msg2.txt
/unsupported/luzs/TC/lingspam_public/bare/part10/9-836msg1.txt
/unsupported/luzs/TC/lingspam_public/bare/part10/9-837msg1.txt
/unsupported/luzs/TC/lingspam_public/bare/part10/9-839msg1.txt
/unsupported/luzs/TC/lingspam_public/bare/part10/9-83msg2.txt
/unsupported/luzs/TC/lingspam_public/bare/part10/9-840msg1.txt
/unsupported/luzs/TC/lingspam_public/bare/part10/9-841msg1.txt
/unsupported/luzs/TC/lingspam_public/bare/part10/9-843msg1.txt
/unsupported/luzs/TC/lingspam_public/bare/part10/9-847msg1.txt
/unsupported/luzs/TC/lingspam_public/bare/part10/9-858msg1.txt
/unsupported/luzs/TC/lingspam_public/bare/part10/9-862msg1.txt
/unsupported/luzs/TC/lingspam_public/bare/part10/9-863msg1.txt
/unsupported/luzs/TC/lingspam_public/bare/part10/9-864msg1.txt
/unsupported/luzs/TC/lingspam_public/bare/part10/9-865msg1.txt
/unsupported/luzs/TC/lingspam_public/bare/part10/9-869msg1.txt
/unsupported/luzs/TC/lingspam_public/bare/part10/9-86msg1.txt
/unsupported/luzs/TC/lingspam_public/bare/part10/9-86msg2.txt
/unsupported/luzs/TC/lingspam_public/bare/part10/9-874msg1.txt
/unsupported/luzs/TC/lingspam_public/bare/part10/9-877msg1.txt
/unsupported/luzs/TC/lingspam_public/bare/part10/9-878msg1.txt
/unsupported/luzs/TC/lingspam_public/bare/part10/9-87msg1.txt
/unsupported/luzs/TC/lingspam_public/bare/part10/9-883msg1.txt
/unsupported/luzs/TC/lingspam_public/bare/part10/9-884msg1.txt
/unsupported/luzs/TC/lingspam_public/bare/part10/9-88msg2.txt
/unsupported/luzs/TC/lingspam_public/bare/part10/9-893msg1.txt
/unsupported/luzs/TC/lingspam_public/bare/part10/9-901msg1.txt
/unsupported/luzs/TC/lingspam_public/bare/part10/9-902msg1.txt
/unsupported/luzs/TC/lingspam_public/bare/part10/9-903msg1.txt
/unsupported/luzs/TC/lingspam_public/bare/part10/9-906msg1.txt
/unsupported/luzs/TC/lingspam_public/bare/part10/9-919msg1.txt
/unsupported/luzs/TC/lingspam_public/bare/part10/9-919msg2.txt
/unsupported/luzs/TC/lingspam_public/bare/part10/9-920msg1.txt
/unsupported/luzs/TC/lingspam_public/bare/part10/9-934msg1.txt
/unsupported/luzs/TC/lingspam_public/bare/part10/9-935msg1.txt
/unsupported/luzs/TC/lingspam_public/bare/part10/9-940msg1.txt
/unsupported/luzs/TC/lingspam_public/bare/part10/9-942msg1.txt
/unsupported/luzs/TC/lingspam_public/bare/part10/9-947msg1.txt
/unsupported/luzs/TC/lingspam_public/bare/part10/9-948msg1.txt
/unsupported/luzs/TC/lingspam_public/bare/part10/9-94msg2.txt
/unsupported/luzs/TC/lingspam_public/bare/part10/9-952msg1.txt
/unsupported/luzs/TC/lingspam_public/bare/part10/9-956msg1.txt
/unsupported/luzs/TC/lingspam_public/bare/part10/9-958msg1.txt
/unsupported/luzs/TC/lingspam_public/bare/part10/9-959msg1.txt
/unsupported/luzs/TC/lingspam_public/bare/part10/9-961msg1.txt
/unsupported/luzs/TC/lingspam_public/bare/part10/9-967msg1.txt
/unsupported/luzs/TC/lingspam_public/bare/part10/9-968msg1.txt
/unsupported/luzs/TC/lingspam_public/bare/part10/9-969msg1.txt
/unsupported/luzs/TC/lingspam_public/bare/part10/9-969msg2.txt
/unsupported/luzs/TC/lingspam_public/bare/part10/9-970msg1.txt
/unsupported/luzs/TC/lingspam_public/bare/part10/9-971msg1.txt
/unsupported/luzs/TC/lingspam_public/bare/part10/9-972msg1.txt
/unsupported/luzs/TC/lingspam_public/bare/part10/9-973msg1.txt
/unsupported/luzs/TC/lingspam_public/bare/part10/9-976msg1.txt
/unsupported/luzs/TC/lingspam_public/bare/part10/9-977msg1.txt
/unsupported/luzs/TC/lingspam_public/bare/part10/9-983msg1.txt
/unsupported/luzs/TC/lingspam_public/bare/part10/9-983msg2.txt
/unsupported/luzs/TC/lingspam_public/bare/part10/9-984msg1.txt
/unsupported/luzs/TC/lingspam_public/bare/part10/9-986msg1.txt
/unsupported/luzs/TC/lingspam_public/bare/part10/9-987msg1.txt
/unsupported/luzs/TC/lingspam_public/bare/part10/9-989msg1.txt
/unsupported/luzs/TC/lingspam_public/bare/part10/9-992msg1.txt
/unsupported/luzs/TC/lingspam_public/bare/part10/9-996msg1.txt
/unsupported/luzs/TC/lingspam_public/bare/part10/spmsgc55.txt
/unsupported/luzs/TC/lingspam_public/bare/part10/spmsgc58.txt
/unsupported/luzs/TC/lingspam_public/bare/part10/spmsgc6.txt
/unsupported/luzs/TC/lingspam_public/bare/part10/spmsgc60.txt
/unsupported/luzs/TC/lingspam_public/bare/part10/spmsgc62.txt
/unsupported/luzs/TC/lingspam_public/bare/part10/spmsgc63.txt
/unsupported/luzs/TC/lingspam_public/bare/part10/spmsgc65.txt
/unsupported/luzs/TC/lingspam_public/bare/part10/spmsgc68.txt
/unsupported/luzs/TC/lingspam_public/bare/part10/spmsgc7.txt
/unsupported/luzs/TC/lingspam_public/bare/part10/spmsgc70.txt
/unsupported/luzs/TC/lingspam_public/bare/part10/spmsgc71.txt
/unsupported/luzs/TC/lingspam_public/bare/part10/spmsgc74.txt
/unsupported/luzs/TC/lingspam_public/bare/part10/spmsgc75.txt
/unsupported/luzs/TC/lingspam_public/bare/part10/spmsgc76.txt
/unsupported/luzs/TC/lingspam_public/bare/part10/spmsgc78.txt
/unsupported/luzs/TC/lingspam_public/bare/part10/spmsgc79.txt
/unsupported/luzs/TC/lingspam_public/bare/part10/spmsgc8.txt
/unsupported/luzs/TC/lingspam_public/bare/part10/spmsgc80.txt
/unsupported/luzs/TC/lingspam_public/bare/part10/spmsgc83.txt
/unsupported/luzs/TC/lingspam_public/bare/part10/spmsgc84.txt
/unsupported/luzs/TC/lingspam_public/bare/part10/spmsgc85.txt
/unsupported/luzs/TC/lingspam_public/bare/part10/spmsgc87.txt
/unsupported/luzs/TC/lingspam_public/bare/part10/spmsgc88.txt
/unsupported/luzs/TC/lingspam_public/bare/part10/spmsgc9.txt
/unsupported/luzs/TC/lingspam_public/bare/part10/spmsgc92.txt
/unsupported/luzs/TC/lingspam_public/bare/part10/spmsgc93.txt
/unsupported/luzs/TC/lingspam_public/bare/part10/spmsgc94.txt
/unsupported/luzs/TC/lingspam_public/bare/part10/spmsgc97.txt
/unsupported/luzs/TC/lingspam_public/bare/part10/spmsgc98.txt
